2026-09-05 00:03:56,215 | INFO     | trading_bot.main | Starting trading bot | symbols=['EURUSD', 'GBPUSD', 'XAUUSD'] | risk/trade=1.50%
2026-09-05 00:03:56,215 | ERROR    | trading_bot.main | Fatal: could not establish MT5 connection at startup. Exiting.
Traceback (most recent call last):
  File "/home/abdalla-msema/Desktop/msema4/aegis_quant/server/main.py", line 196, in main
    initialize_connection()
  File "/home/abdalla-msema/Desktop/msema4/aegis_quant/server/data_provider.py", line 88, in initialize_connection
    require_mt5_runtime()
  File "/home/abdalla-msema/Desktop/msema4/aegis_quant/server/data_provider.py", line 38, in require_mt5_runtime
    raise MT5ConnectionError(
data_provider.MT5ConnectionError: MetaTrader5 is not available in this runtime. This bot must run on a Windows machine with an MT5 terminal installed and a broker login.
2026-09-05 00:47:07,978 | INFO     | trading_bot.main | Starting trading bot | symbols=['EURUSD', 'GBPUSD', 'XAUUSD'] | risk/trade=1.50%
2026-09-05 00:47:07,979 | ERROR    | trading_bot.main | Fatal: could not establish MT5 connection at startup. Exiting.
Traceback (most recent call last):
  File "/home/abdalla-msema/Desktop/msema4/aegis_quant/server/main.py", line 196, in main
    initialize_connection()
  File "/home/abdalla-msema/Desktop/msema4/aegis_quant/server/data_provider.py", line 88, in initialize_connection
    require_mt5_runtime()
  File "/home/abdalla-msema/Desktop/msema4/aegis_quant/server/data_provider.py", line 38, in require_mt5_runtime
    raise MT5ConnectionError(
data_provider.MT5ConnectionError: MetaTrader5 is not available in this runtime. This bot must run on a Windows machine with an MT5 terminal installed and a broker login.
2026-09-05 07:48:42,224 | INFO     | trading_bot.main | Starting trading bot | symbols=['EURUSD', 'GBPUSD', 'XAUUSD'] | risk/trade=1.50%
2026-09-05 07:48:42,225 | ERROR    | trading_bot.main | Fatal: could not establish MT5 connection at startup. Exiting.
Traceback (most recent call last):
  File "/home/abdalla-msema/Desktop/msema4/aegis_quant/server/main.py", line 196, in main
    initialize_connection()
  File "/home/abdalla-msema/Desktop/msema4/aegis_quant/server/data_provider.py", line 88, in initialize_connection
    require_mt5_runtime()
  File "/home/abdalla-msema/Desktop/msema4/aegis_quant/server/data_provider.py", line 38, in require_mt5_runtime
    raise MT5ConnectionError(
data_provider.MT5ConnectionError: MetaTrader5 is not available in this runtime. This bot must run on a Windows machine with an MT5 terminal installed and a broker login.
2026-09-05 08:51:42,844 | INFO     | trading_bot.main | Starting trading bot | symbols=['EURUSD', 'GBPUSD', 'XAUUSD'] | risk/trade=1.50%
2026-09-05 08:51:42,845 | ERROR    | trading_bot.main | Fatal: could not establish MT5 connection at startup. Exiting.
Traceback (most recent call last):
  File "/home/abdalla-msema/Desktop/msema4/aegis_quant/server/main.py", line 196, in main
    initialize_connection()
  File "/home/abdalla-msema/Desktop/msema4/aegis_quant/server/data_provider.py", line 88, in initialize_connection
    require_mt5_runtime()
  File "/home/abdalla-msema/Desktop/msema4/aegis_quant/server/data_provider.py", line 38, in require_mt5_runtime
    raise MT5ConnectionError(
data_provider.MT5ConnectionError: MetaTrader5 is not available in this runtime. This bot must run on a Windows machine with an MT5 terminal installed and a broker login.
2026-09-06 10:36:07,176 | INFO     | trading_bot.main | Starting trading bot | symbols=['EURUSD', 'GBPUSD', 'XAUUSD'] | risk/trade=1.50%
2026-09-06 10:36:07,177 | ERROR    | trading_bot.main | Fatal: could not establish MT5 connection at startup. Exiting.
Traceback (most recent call last):
  File "/home/abdalla-msema/Desktop/msema4/aegis_quant/server/main.py", line 196, in main
    initialize_connection()
  File "/home/abdalla-msema/Desktop/msema4/aegis_quant/server/data_provider.py", line 88, in initialize_connection
    require_mt5_runtime()
  File "/home/abdalla-msema/Desktop/msema4/aegis_quant/server/data_provider.py", line 38, in require_mt5_runtime
    raise MT5ConnectionError(
data_provider.MT5ConnectionError: MetaTrader5 is not available in this runtime. This bot must run on a Windows machine with an MT5 terminal installed and a broker login.
